00:00 +0: loading /home/patrick/IdeaProjects/flutter_flex5/packages/legacy_tree_grid/example/test/example_test.dart
00:00 +0: Example app rendering
Checking if John Doe is found:
Found 0 widgets with John Doe
Checking if 30 is found:
Found 0 widgets with 30
Checking if active is found:
Found 0 widgets with active
AutomatedTestWidgetsFlutterBinding - DEBUG MODE
[root]
└View(state: _ViewState#bac81)
 └RawView
  └_RawViewInternal-[_DeprecatedRawViewKey TestFlutterView#38da4](renderObject: _ReusableRenderView#dbdb8)
   └_ViewScope
    └_PipelineOwnerScope
     └_MediaQueryFromView(state: _MediaQueryFromViewState#7b32f)
      └MediaQuery(MediaQueryData(size: Size(2000.0, 2000.0), devicePixelRatio: 1.0, textScaler: SystemTextScaler (no scaling), platformBrightness: Brightness.light, padding: EdgeInsets.zero, viewPadding: EdgeInsets.zero, viewInsets: EdgeInsets.zero, systemGestureInsets: EdgeInsets.zero, alwaysUse24HourFormat: false, accessibleNavigation: false, highContrast: false, onOffSwitchLabels: false, disableAnimations: false, invertColors: false, boldText: false, navigationMode: traditional, gestureSettings: DeviceGestureSettings(touchSlop: null), displayFeatures: [], supportsShowingSystemContextMenu: false, lineHeightScaleFactorOverride: null, letterSpacingOverride: null, wordSpacingOverride: null, paragraphSpacingOverride: null))
       └FocusTraversalGroup(policy: ReadingOrderTraversalPolicy#d728a, state: _FocusTraversalGroupState#f7eee)
        └Focus(debugLabel: "FocusTraversalGroup", focusNode: _FocusTraversalGroupNode#4d947(FocusTraversalGroup [IN FOCUS PATH]), state: _FocusState#51bec)
         └_FocusInheritedScope
          └_FocusScopeWithExternalFocusNode(debugLabel: "View Scope", focusNode: FocusScopeNode#88b53(View Scope [IN FOCUS PATH]), dependencies: [_FocusInheritedScope], state: _FocusScopeState#a09d9)
           └_FocusInheritedScope
            └MyApp
             └MaterialApp(state: _MaterialAppState#ee0f3)
              └ScrollConfiguration(behavior: MaterialScrollBehavior)
               └HeroControllerScope
                └WidgetsApp-[GlobalObjectKey _MaterialAppState#ee0f3](state: _WidgetsAppState#2631a)
                 └RootRestorationScope(state: _RootRestorationScopeState#c9abd)
                  └UnmanagedRestorationScope
                   └RestorationScope(dependencies: [UnmanagedRestorationScope], state: _RestorationScopeState#88da6)
                    └UnmanagedRestorationScope
                     └SharedAppData(state: _SharedAppDataState#39fc6)
                      └_SharedAppModel
                       └NotificationListener<NavigationNotification>
                        └Shortcuts(shortcuts: <Default WidgetsApp Shortcuts>, state: _ShortcutsState#0a815)
                         └Focus(debugLabel: "Shortcuts", dependencies: [_FocusInheritedScope], state: _FocusState#01362)
                          └_FocusInheritedScope
                           └Semantics(container: false, properties: SemanticsProperties, renderObject: RenderSemanticsAnnotations#7737b)
                            └DefaultTextEditingShortcuts
                             └Shortcuts(shortcuts: <Default Text Editing Shortcuts>, state: _ShortcutsState#e7c3c)
                              └Focus(debugLabel: "Shortcuts", dependencies: [_FocusInheritedScope], state: _FocusState#38063)
                               └_FocusInheritedScope
                                └Semantics(container: false, properties: SemanticsProperties, renderObject: RenderSemanticsAnnotations#35270)
                                 └Actions(dispatcher: null, actions: {DoNothingIntent: DoNothingAction#3121d, DoNothingAndStopPropagationIntent: DoNothingAction#6b688, RequestFocusIntent: RequestFocusAction#6040c, NextFocusIntent: NextFocusAction#45523, PreviousFocusIntent: PreviousFocusAction#710c5, DirectionalFocusIntent: DirectionalFocusAction#4552b, ScrollIntent: _OverridableContextAction<ScrollIntent>#6f046(defaultAction: ScrollAction#8f8c3), PrioritizedIntents: PrioritizedAction#ad6db, VoidCallbackIntent: VoidCallbackAction#dbdc6}, state: _ActionsState#c7d22)
                                  └_ActionsScope
                                   └FocusTraversalGroup(policy: ReadingOrderTraversalPolicy#131b1, state: _FocusTraversalGroupState#fff4d)
                                    └Focus(debugLabel: "FocusTraversalGroup", focusNode: _FocusTraversalGroupNode#91021(FocusTraversalGroup [IN FOCUS PATH]), dependencies: [_FocusInheritedScope], state: _FocusState#b78bb)
                                     └_FocusInheritedScope
                                      └TapRegionSurface(renderObject: RenderTapRegionSurface#cf5e4)
                                       └ShortcutRegistrar(state: _ShortcutRegistrarState#4b5e3)
                                        └_ShortcutRegistrarScope
                                         └Shortcuts(manager: ShortcutManager#623fc(shortcuts: {}), shortcuts: {}, state: _ShortcutsState#0e454)
                                          └Focus(debugLabel: "Shortcuts", dependencies: [_FocusInheritedScope], state: _FocusState#82f13)
                                           └_FocusInheritedScope
                                            └Semantics(container: false, properties: SemanticsProperties, renderObject: RenderSemanticsAnnotations#ddcc7)
                                             └ListenableBuilder(listenable: LocalizationsResolver, state: _AnimatedState#337b2)
                                              └Localizations(locale: en_US, delegates: [DefaultMaterialLocalizations.delegate(en_US), DefaultCupertinoLocalizations.delegate(en_US), DefaultWidgetsLocalizations.delegate(en_US)], state: _LocalizationsState#17b24)
                                               └Semantics(container: false, properties: SemanticsProperties, textDirection: ltr, renderObject: RenderSemanticsAnnotations#b6db3)
                                                └_LocalizationsScope-[GlobalKey#7dbd9]
                                                 └Directionality(textDirection: ltr)
                                                  └Title(state: _TitleState#d7506(title: "Unified Data Grid Demo", color: Color(alpha: 1.0000, red: 0.4039, green: 0.3137, blue: 0.6431, colorSpace: ColorSpace.sRGB)))
                                                   └Focus(dependencies: [_FocusInheritedScope], state: _FocusState#5cedf)
                                                    └_FocusInheritedScope
                                                     └Semantics(container: false, properties: SemanticsProperties, renderObject: RenderSemanticsAnnotations#bb02d)
                                                      └CheckedModeBanner("DEBUG")
                                                       └Banner(dependencies: [Directionality], state: _BannerState#cd347("DEBUG", textDirection: ltr, location: topEnd, Color(alpha: 0.6275, red: 0.7176, green: 0.1098, blue: 0.1098, colorSpace: ColorSpace.sRGB), text inherit: true, text color: Color(alpha: 1.0000, red: 1.0000, green: 1.0000, blue: 1.0000, colorSpace: ColorSpace.sRGB), text size: 10.2, text weight: 900, text height: 1.0x))
                                                        └CustomPaint(renderObject: RenderCustomPaint#8aae7)
                                                         └ValueListenableBuilder<bool>(state: _ValueListenableBuilderState<bool>#b2147)
                                                          └DefaultTextStyle(debugLabel: fallback style; consider putting your text in a Material, inherit: true, color: Color(alpha: 0.8157, red: 1.0000, green: 0.0000, blue: 0.0000, colorSpace: ColorSpace.sRGB), family: monospace, size: 48.0, weight: 900, decoration: double Color(alpha: 1.0000, red: 1.0000, green: 1.0000, blue: 0.0000, colorSpace: ColorSpace.sRGB) TextDecoration.underline, softWrap: wrapping at box width, overflow: clip)
                                                           └Builder(dependencies: [MediaQuery])
                                                            └AnimatedTheme(duration: 200ms, state: _AnimatedThemeState#32fbe(ticker inactive, ThemeDataTween(ThemeData#d72d3 → ThemeData#d72d3)))
                                                             └Theme(ThemeData#d72d3, dependencies: [MediaQuery])
                                                              └_InheritedTheme
                                                               └CupertinoTheme(brightness: light, primaryColor: Color(alpha: 1.0000, red: 0.4039, green: 0.3137, blue: 0.6431, colorSpace: ColorSpace.sRGB), scaffoldBackgroundColor: Color(alpha: 1.0000, red: 0.9961, green: 0.9686, blue: 1.0000, colorSpace: ColorSpace.sRGB), actionTextStyle: TextStyle(inherit: false, color: Color(alpha: 1.0000, red: 0.4039, green: 0.3137, blue: 0.6431, colorSpace: ColorSpace.sRGB), family: CupertinoSystemText, size: 17.0, letterSpacing: -0.4, decoration: TextDecoration.none), actionSmallTextStyle: TextStyle(inherit: false, color: Color(alpha: 1.0000, red: 0.4039, green: 0.3137, blue: 0.6431, colorSpace: ColorSpace.sRGB), family: CupertinoSystemText, size: 15.0, letterSpacing: -0.2, decoration: TextDecoration.none), navActionTextStyle: TextStyle(inherit: false, color: Color(alpha: 1.0000, red: 0.4039, green: 0.3137, blue: 0.6431, colorSpace: ColorSpace.sRGB), family: CupertinoSystemText, size: 17.0, letterSpacing: -0.4, decoration: TextDecoration.none))
                                                                └InheritedCupertinoTheme
                                                                 └IconTheme(color: Color(alpha: 1.0000, red: 0.4039, green: 0.3137, blue: 0.6431, colorSpace: ColorSpace.sRGB))
                                                                  └IconTheme(color: Color(alpha: 0.8667, red: 0.0000, green: 0.0000, blue: 0.0000, colorSpace: ColorSpace.sRGB))
                                                                   └DefaultSelectionStyle
                                                                    └ScaffoldMessenger(dependencies: [MediaQuery], state: ScaffoldMessengerState#522da)
                                                                     └_ScaffoldMessengerScope
                                                                      └DefaultSelectionStyle
                                                                       └FocusScope(debugLabel: "Navigator Scope", AUTOFOCUS, dependencies: [_FocusInheritedScope], state: _FocusScopeState#e39b2)
                                                                        └Semantics(container: false, properties: SemanticsProperties, renderObject: RenderSemanticsAnnotations#889d1)
                                                                         └_FocusInheritedScope
                                                                          └Navigator-[GlobalObjectKey<NavigatorState> _WidgetsAppState#2631a](dependencies: [HeroControllerScope, InheritedCupertinoTheme, UnmanagedRestorationScope, _InheritedTheme, _LocalizationsScope-[GlobalKey#7dbd9]], state: NavigatorState#1711b(tickers: tracking 1 ticker))
                                                                           └HeroControllerScope
                                                                            └NotificationListener<NavigationNotification>
                                                                             └Listener(listeners: [down, up, cancel], behavior: deferToChild, renderObject: RenderPointerListener#56ab8)
                                                                              └AbsorbPointer(absorbing: false, renderObject: RenderAbsorbPointer#e87d9)
                                                                               └FocusTraversalGroup(policy: ReadingOrderTraversalPolicy#131b1, state: _FocusTraversalGroupState#c9b71)
                                                                                └Focus(debugLabel: "FocusTraversalGroup", focusNode: _FocusTraversalGroupNode#ca5f3(FocusTraversalGroup [IN FOCUS PATH]), dependencies: [_FocusInheritedScope], state: _FocusState#29331)
                                                                                 └_FocusInheritedScope
                                                                                  └Focus(debugLabel: "Navigator", AUTOFOCUS, focusNode: FocusNode#94776(Navigator [IN FOCUS PATH]), dependencies: [_FocusInheritedScope], state: _FocusState#d03b8)
                                                                                   └_FocusInheritedScope
                                                                                    └UnmanagedRestorationScope
                                                                                     └Overlay-[LabeledGlobalKey<OverlayState>#13fa6](state: OverlayState#3a82c(entries: [OverlayEntry#92ad4(opaque: true; maintainState: false), OverlayEntry#14bcf(opaque: false; maintainState: true)]))
                                                                                      └_Theater(skipCount: 0, dependencies: [Directionality], renderObject: _RenderTheater#60612)
                                                                                       ├_OverlayEntryWidget-[LabeledGlobalKey<_OverlayEntryWidgetState>#53240](state: _OverlayEntryWidgetState#2e251)
                                                                                       │└TickerMode(state: _TickerModeState#5b7b1(requested mode: enabled))
                                                                                       │ └_EffectiveTickerMode(effective mode: enabled)
                                                                                       │  └_RenderTheaterMarker
                                                                                       │   └Builder
                                                                                       │    └IgnorePointer(ignoring: false, renderObject: RenderIgnorePointer#91e64)
                                                                                       │     └ModalBarrier
                                                                                       │      └BlockSemantics(blocking: true, renderObject: RenderBlockSemantics#75d0d)
                                                                                       │       └ExcludeSemantics(excluding: true, renderObject: RenderExcludeSemantics#371ef)
                                                                                       │        └_ModalBarrierGestureDetector
                                                                                       │         └RawGestureDetector(state: RawGestureDetectorState#bfe72(gestures: [any tap], behavior: opaque))
                                                                                       │          └_GestureSemantics(renderObject: RenderSemanticsGestureHandler#9cb0c)
                                                                                       │           └Listener(listeners: [down, panZoomStart], behavior: opaque, renderObject: RenderPointerListener#e0273)
                                                                                       │            └Semantics(container: false, properties: SemanticsProperties, renderObject: RenderSemanticsAnnotations#b830b)
                                                                                       │             └MouseRegion(listeners: <none>, cursor: SystemMouseCursor(basic), renderObject: RenderMouseRegion#6e7a8)
                                                                                       │              └ConstrainedBox(BoxConstraints(biggest), renderObject: RenderConstrainedBox#6413c)
                                                                                       └_OverlayEntryWidget-[LabeledGlobalKey<_OverlayEntryWidgetState>#e57ef](state: _OverlayEntryWidgetState#6a0ee)
                                                                                        └TickerMode(state: _TickerModeState#5ce80(requested mode: enabled))
                                                                                         └_EffectiveTickerMode(effective mode: enabled)
                                                                                          └_RenderTheaterMarker
                                                                                           └Builder
                                                                                            └Semantics(container: false, properties: SemanticsProperties, sortKey: OrdinalSortKey#2bd7b(order: 0.0), renderObject: RenderSemanticsAnnotations#f5001)
                                                                                             └_ModalScope<dynamic>-[LabeledGlobalKey<_ModalScopeState<dynamic>>#b4ad9](state: _ModalScopeState<dynamic>#fe0d9)
                                                                                              └AnimatedBuilder(listenable: ValueNotifier<String?>#32fc1(null), state: _AnimatedState#e4b70)
                                                                                               └RestorationScope(dependencies: [UnmanagedRestorationScope], state: _RestorationScopeState#b1850)
                                                                                                └UnmanagedRestorationScope
                                                                                                 └_ModalScopeStatus(active)
                                                                                                  └Offstage(offstage: false, renderObject: RenderOffstage#69ad6)
                                                                                                   └PageStorage
                                                                                                    └Builder
                                                                                                     └Actions(dispatcher: null, actions: {DismissIntent: _DismissModalAction#22f1a}, state: _ActionsState#ffd82)
                                                                                                      └_ActionsScope
                                                                                                       └PrimaryScrollController(ScrollController#4490a(no clients))
                                                                                                        └_FocusScopeWithExternalFocusNode(debugLabel: "_ModalScopeState<dynamic> Focus Scope", focusNode: FocusScopeNode#e403c(_ModalScopeState<dynamic> Focus Scope [PRIMARY FOCUS]), dependencies: [_FocusInheritedScope], state: _FocusScopeState#82898)
                                                                                                         └Semantics(container: false, properties: SemanticsProperties, renderObject: RenderSemanticsAnnotations#50cdf)
                                                                                                          └_FocusInheritedScope
                                                                                                           └RepaintBoundary(renderObject: RenderRepaintBoundary#8e5cc)
                                                                                                            └ListenableBuilder(listenable: Listenable.merge([AnimationController#7b226(⏭ 1.000; paused; for MaterialPageRoute<dynamic>(/))➩ProxyAnimation, kAlwaysDismissedAnimation➩ProxyAnimation➩ProxyAnimation]), dependencies: [InheritedCupertinoTheme, _InheritedTheme, _LocalizationsScope-[GlobalKey#7dbd9]], state: _AnimatedState#0fe9c)
                                                                                                             └_PageTransitionsThemeTransitions<dynamic>(dependencies: [InheritedCupertinoTheme, _InheritedTheme, _LocalizationsScope-[GlobalKey#7dbd9]], state: _PageTransitionsThemeTransitionsState<dynamic>#1a82c)
                                                                                                              └_PredictiveBackGestureDetector(state: _PredictiveBackGestureDetectorState#1d418)
                                                                                                               └_FadeForwardsPageTransition(dependencies: [_ModalScopeStatus])
                                                                                                                └DualTransitionBuilder(state: _DualTransitionBuilderState#76650)
                                                                                                                 └FadeTransition(opacity: kAlwaysCompleteAnimation➩ProxyAnimation➩CurveTween(curve: Interval(0.0⋯0.75))➩Tween<double>(0.0 → 1.0)➩1.0, renderObject: RenderAnimatedOpacity#01fa8)
                                                                                                                  └SlideTransition(listenable: kAlwaysCompleteAnimation➩ProxyAnimation➩CurveTween(curve: ThreePointCubic )➩Tween<Offset>(Offset(0.3, 0.0) → Offset(0.0, 0.0))➩Offset(0.0, 0.0), state: _AnimatedState#d8568)
                                                                                                                   └FractionalTranslation(renderObject: RenderFractionalTranslation#fb0d1)
                                                                                                                    └IgnorePointer(ignoring: false, renderObject: RenderIgnorePointer#a3c25)
                                                                                                                     └FadeTransition(opacity: AnimationController#7b226(⏭ 1.000; paused; for MaterialPageRoute<dynamic>(/))➩ProxyAnimation➪ReverseAnimation➩ProxyAnimation➩CurveTween(curve: Interval(0.0⋯0.25))➩Tween<double>(1.0 → 0.0)➩1.0, renderObject: RenderAnimatedOpacity#353fb)
                                                                                                                      └SlideTransition(listenable: AnimationController#7b226(⏭ 1.000; paused; for MaterialPageRoute<dynamic>(/))➩ProxyAnimation➪ReverseAnimation➩ProxyAnimation➩CurveTween(curve: ThreePointCubic )➩Tween<Offset>(Offset(0.0, 0.0) → Offset(0.3, 0.0))➩Offset(0.0, 0.0), state: _AnimatedState#d8f9d)
                                                                                                                       └FractionalTranslation(renderObject: RenderFractionalTranslation#2db5c)
                                                                                                                        └ColoredBox(color: Color(alpha: 0.0000, red: 0.0000, green: 0.0000, blue: 0.0000, colorSpace: ColorSpace.sRGB), renderObject: _RenderColoredBox#fa1d6)
                                                                                                                         └DualTransitionBuilder(state: _DualTransitionBuilderState#966fb)
                                                                                                                          └FadeTransition(opacity: kAlwaysCompleteAnimation➩ProxyAnimation➩CurveTween(curve: Interval(0.0⋯0.75))➩Tween<double>(0.0 → 1.0)➩1.0, renderObject: RenderAnimatedOpacity#56afc)
                                                                                                                           └SlideTransition(listenable: kAlwaysCompleteAnimation➩ProxyAnimation➩CurveTween(curve: ThreePointCubic )➩Tween<Offset>(Offset(-0.3, 0.0) → Offset(0.0, 0.0))➩Offset(0.0, 0.0), state: _AnimatedState#9a08c)
                                                                                                                            └FractionalTranslation(renderObject: RenderFractionalTranslation#644b6)
                                                                                                                             └FadeTransition(opacity: kAlwaysDismissedAnimation➩ProxyAnimation➩ProxyAnimation➪ReverseAnimation➪ReverseAnimation➩ProxyAnimation➩CurveTween(curve: Interval(0.0⋯0.25))➩Tween<double>(1.0 → 0.0)➩1.0, renderObject: RenderAnimatedOpacity#a66d3)
                                                                                                                              └SlideTransition(listenable: kAlwaysDismissedAnimation➩ProxyAnimation➩ProxyAnimation➪ReverseAnimation➪ReverseAnimation➩ProxyAnimation➩CurveTween(curve: ThreePointCubic )➩Tween<Offset>(Offset(0.0, 0.0) → Offset(-0.3, 0.0))➩Offset(0.0, 0.0), state: _AnimatedState#406de)
                                                                                                                               └FractionalTranslation(renderObject: RenderFractionalTranslation#65f06)
                                                                                                                                └ListenableBuilder(listenable: ValueNotifier<bool>#54e5f(false), state: _AnimatedState#6e992)
                                                                                                                                 └IgnorePointer(ignoring: false, renderObject: RenderIgnorePointer#81919)
                                                                                                                                  └RepaintBoundary-[GlobalKey#bfeeb](renderObject: RenderRepaintBoundary#e97e5)
                                                                                                                                   └Builder
                                                                                                                                    └Semantics(container: false, properties: SemanticsProperties, renderObject: RenderSemanticsAnnotations#3a0e2)
                                                                                                                                     └MyHomePage(dependencies: [InheritedCupertinoTheme, _InheritedTheme, _LocalizationsScope-[GlobalKey#7dbd9]], state: _MyHomePageState#cf5a7)
                                                                                                                                      └Scaffold(dependencies: [Directionality, InheritedCupertinoTheme, MediaQuery, UnmanagedRestorationScope, _InheritedTheme, _LocalizationsScope-[GlobalKey#7dbd9], _ScaffoldMessengerScope], state: ScaffoldState#fca2a(tickers: tracking 3 tickers))
                                                                                                                                       └_ScaffoldScope
                                                                                                                                        └ScrollNotificationObserver(state: ScrollNotificationObserverState#5e4fa)
                                                                                                                                         └NotificationListener<ScrollMetricsNotification>
                                                                                                                                          └NotificationListener<ScrollNotification>
                                                                                                                                           └_ScrollNotificationObserverScope
                                                                                                                                            └Material(type: canvas, color: Color(alpha: 1.0000, red: 0.9961, green: 0.9686, blue: 1.0000, colorSpace: ColorSpace.sRGB), dependencies: [InheritedCupertinoTheme, _InheritedTheme, _LocalizationsScope-[GlobalKey#7dbd9]], state: _MaterialState#b8f64)
                                                                                                                                             └AnimatedPhysicalModel(duration: 200ms, shape: rectangle, borderRadius: null, elevation: 0.0, color: Color(alpha: 1.0000, red: 0.9961, green: 0.9686, blue: 1.0000, colorSpace: ColorSpace.sRGB), animateColor: false, shadowColor: Color(alpha: 1.0000, red: 0.0000, green: 0.0000, blue: 0.0000, colorSpace: ColorSpace.sRGB), animateShadowColor: true, state: _AnimatedPhysicalModelState#e3b78(ticker inactive))
                                                                                                                                              └PhysicalModel(shape: rectangle, borderRadius: BorderRadius.zero, elevation: 0.0, color: Color(alpha: 1.0000, red: 0.9961, green: 0.9686, blue: 1.0000, colorSpace: ColorSpace.sRGB), shadowColor: Color(alpha: 1.0000, red: 0.0000, green: 0.0000, blue: 0.0000, colorSpace: ColorSpace.sRGB), renderObject: RenderPhysicalModel#e4200)
                                                                                                                                               └NotificationListener<LayoutChangedNotification>
                                                                                                                                                └_InkFeatures-[GlobalKey#630f9 ink renderer](renderObject: _RenderInkFeatures#674f8)
                                                                                                                                                 └AnimatedDefaultTextStyle(duration: 200ms, debugLabel: (englishLike bodyMedium 2021).merge((blackMountainView bodyMedium).apply), inherit: false, color: Color(alpha: 1.0000, red: 0.1137, green: 0.1059, blue: 0.1255, colorSpace: ColorSpace.sRGB), family: Roboto, size: 14.0, weight: 400, letterSpacing: 0.3, baseline: alphabetic, height: 1.4x, leadingDistribution: even, decoration: Color(alpha: 1.0000, red: 0.1137, green: 0.1059, blue: 0.1255, colorSpace: ColorSpace.sRGB) TextDecoration.none, softWrap: wrapping at box width, overflow: clip, state: _AnimatedDefaultTextStyleState#1b9ff(ticker inactive))
                                                                                                                                                  └DefaultTextStyle(debugLabel: (englishLike bodyMedium 2021).merge((blackMountainView bodyMedium).apply), inherit: false, color: Color(alpha: 1.0000, red: 0.1137, green: 0.1059, blue: 0.1255, colorSpace: ColorSpace.sRGB), family: Roboto, size: 14.0, weight: 400, letterSpacing: 0.3, baseline: alphabetic, height: 1.4x, leadingDistribution: even, decoration: Color(alpha: 1.0000, red: 0.1137, green: 0.1059, blue: 0.1255, colorSpace: ColorSpace.sRGB) TextDecoration.none, softWrap: wrapping at box width, overflow: clip)
                                                                                                                                                   └AnimatedBuilder(listenable: AnimationController#3bd9b(⏭ 1.000; paused), state: _AnimatedState#1abb2)
                                                                                                                                                    └Actions(dispatcher: null, actions: {DismissIntent: _DismissDrawerAction#7487c}, state: _ActionsState#c3615)
                                                                                                                                                     └_ActionsScope
                                                                                                                                                      └CustomMultiChildLayout(renderObject: RenderCustomMultiChildLayoutBox#cfd23)
                                                                                                                                                       ├LayoutId-[<_ScaffoldSlot.body>](id: _ScaffoldSlot.body)
                                                                                                                                                       │└MediaQuery(MediaQueryData(size: Size(2000.0, 2000.0), devicePixelRatio: 1.0, textScaler: SystemTextScaler (no scaling), platformBrightness: Brightness.light, padding: EdgeInsets.zero, viewPadding: EdgeInsets.zero, viewInsets: EdgeInsets.zero, systemGestureInsets: EdgeInsets.zero, alwaysUse24HourFormat: false, accessibleNavigation: false, highContrast: false, onOffSwitchLabels: false, disableAnimations: false, invertColors: false, boldText: false, navigationMode: traditional, gestureSettings: DeviceGestureSettings(touchSlop: null), displayFeatures: [], supportsShowingSystemContextMenu: false, lineHeightScaleFactorOverride: null, letterSpacingOverride: null, wordSpacingOverride: null, paragraphSpacingOverride: null))
                                                                                                                                                       │ └_BodyBuilder
                                                                                                                                                       │  └KeyedSubtree-[GlobalKey#931d3]
                                                                                                                                                       │   └Row(direction: horizontal, mainAxisAlignment: start, crossAxisAlignment: center, dependencies: [Directionality], renderObject: RenderFlex#91071 relayoutBoundary=up1)
                                                                                                                                                       │    └Expanded(flex: 1)
                                                                                                                                                       │     └Center(alignment: Alignment.center, dependencies: [Directionality], renderObject: RenderPositionedBox#4ce94 relayoutBoundary=up2)
                                                                                                                                                       │      └CircularProgressIndicator(<indeterminate>, state: _CircularProgressIndicatorState#30f66(ticker active))
                                                                                                                                                       │       └Builder
                                                                                                                                                       │        └AnimatedBuilder(listenable: AnimationController#54360(▶ 0.000), dependencies: [InheritedCupertinoTheme, _InheritedTheme, _LocalizationsScope-[GlobalKey#7dbd9]], state: _AnimatedState#8cc53)
                                                                                                                                                       │         └Semantics(container: false, properties: SemanticsProperties, role: loadingSpinner, renderObject: RenderSemanticsAnnotations#4e922 relayoutBoundary=up3)
                                                                                                                                                       │          └ConstrainedBox(BoxConstraints(36.0<=w<=Infinity, 36.0<=h<=Infinity), renderObject: RenderConstrainedBox#30c21 relayoutBoundary=up4)
                                                                                                                                                       │           └CustomPaint(renderObject: RenderCustomPaint#fd26a relayoutBoundary=up5)
                                                                                                                                                       ├LayoutId-[<_ScaffoldSlot.appBar>](id: _ScaffoldSlot.appBar)
                                                                                                                                                       │└MediaQuery(MediaQueryData(size: Size(2000.0, 2000.0), devicePixelRatio: 1.0, textScaler: SystemTextScaler (no scaling), platformBrightness: Brightness.light, padding: EdgeInsets.zero, viewPadding: EdgeInsets.zero, viewInsets: EdgeInsets.zero, systemGestureInsets: EdgeInsets.zero, alwaysUse24HourFormat: false, accessibleNavigation: false, highContrast: false, onOffSwitchLabels: false, disableAnimations: false, invertColors: false, boldText: false, navigationMode: traditional, gestureSettings: DeviceGestureSettings(touchSlop: null), displayFeatures: [], supportsShowingSystemContextMenu: false, lineHeightScaleFactorOverride: null, letterSpacingOverride: null, wordSpacingOverride: null, paragraphSpacingOverride: null))
                                                                                                                                                       │ └ConstrainedBox(BoxConstraints(0.0<=w<=Infinity, 0.0<=h<=45.0), renderObject: RenderConstrainedBox#adb63 relayoutBoundary=up1)
                                                                                                                                                       │  └FlexibleSpaceBarSettings
                                                                                                                                                       │   └AppBar(dependencies: [FlexibleSpaceBarSettings, InheritedCupertinoTheme, _InheritedTheme, _LocalizationsScope-[GlobalKey#7dbd9], _ModalScopeStatus, _ScrollNotificationObserverScope], state: _AppBarState#60883)
                                                                                                                                                       │    └Semantics(container: true, properties: SemanticsProperties, renderObject: RenderSemanticsAnnotations#58d4b relayoutBoundary=up2)
                                                                                                                                                       │     └AnnotatedRegion<SystemUiOverlayStyle>(renderObject: RenderAnnotatedRegion<SystemUiOverlayStyle>#76c74 relayoutBoundary=up3)
                                                                                                                                                       │      └Material(type: canvas, color: Color(alpha: 1.0000, red: 0.9961, green: 0.9686, blue: 1.0000, colorSpace: ColorSpace.sRGB), shadowColor: Color(alpha: 0.0000, red: 0.0000, green: 0.0000, blue: 0.0000, colorSpace: ColorSpace.sRGB), surfaceTintColor: Color(alpha: 1.0000, red: 0.4039, green: 0.3137, blue: 0.6431, colorSpace: ColorSpace.sRGB), dependencies: [InheritedCupertinoTheme, _InheritedTheme, _LocalizationsScope-[GlobalKey#7dbd9]], state: _MaterialState#c54a3)
                                                                                                                                                       │       └AnimatedPhysicalModel(duration: 200ms, shape: rectangle, borderRadius: null, elevation: 0.0, color: Color(alpha: 1.0000, red: 0.9961, green: 0.9686, blue: 1.0000, colorSpace: ColorSpace.sRGB), animateColor: false, shadowColor: Color(alpha: 0.0000, red: 0.0000, green: 0.0000, blue: 0.0000, colorSpace: ColorSpace.sRGB), animateShadowColor: true, state: _AnimatedPhysicalModelState#9c004(ticker inactive))
                                                                                                                                                       │        └PhysicalModel(shape: rectangle, borderRadius: BorderRadius.zero, elevation: 0.0, color: Color(alpha: 1.0000, red: 0.9961, green: 0.9686, blue: 1.0000, colorSpace: ColorSpace.sRGB), shadowColor: Color(alpha: 0.0000, red: 0.0000, green: 0.0000, blue: 0.0000, colorSpace: ColorSpace.sRGB), renderObject: RenderPhysicalModel#348a8 relayoutBoundary=up4)
                                                                                                                                                       │         └NotificationListener<LayoutChangedNotification>
                                                                                                                                                       │          └_InkFeatures-[GlobalKey#bf73f ink renderer](renderObject: _RenderInkFeatures#1d59b relayoutBoundary=up5)
                                                                                                                                                       │           └AnimatedDefaultTextStyle(duration: 200ms, debugLabel: (englishLike bodyMedium 2021).merge((blackMountainView bodyMedium).apply), inherit: false, color: Color(alpha: 1.0000, red: 0.1137, green: 0.1059, blue: 0.1255, colorSpace: ColorSpace.sRGB), family: Roboto, size: 14.0, weight: 400, letterSpacing: 0.3, baseline: alphabetic, height: 1.4x, leadingDistribution: even, decoration: Color(alpha: 1.0000, red: 0.1137, green: 0.1059, blue: 0.1255, colorSpace: ColorSpace.sRGB) TextDecoration.none, softWrap: wrapping at box width, overflow: clip, state: _AnimatedDefaultTextStyleState#f0cdf(ticker inactive))
                                                                                                                                                       │            └DefaultTextStyle(debugLabel: (englishLike bodyMedium 2021).merge((blackMountainView bodyMedium).apply), inherit: false, color: Color(alpha: 1.0000, red: 0.1137, green: 0.1059, blue: 0.1255, colorSpace: ColorSpace.sRGB), family: Roboto, size: 14.0, weight: 400, letterSpacing: 0.3, baseline: alphabetic, height: 1.4x, leadingDistribution: even, decoration: Color(alpha: 1.0000, red: 0.1137, green: 0.1059, blue: 0.1255, colorSpace: ColorSpace.sRGB) TextDecoration.none, softWrap: wrapping at box width, overflow: clip)
                                                                                                                                                       │             └Semantics(container: false, properties: SemanticsProperties, renderObject: RenderSemanticsAnnotations#01560 relayoutBoundary=up6)
                                                                                                                                                       │              └Align(alignment: Alignment.topCenter, dependencies: [Directionality], renderObject: RenderPositionedBox#d9cd7 relayoutBoundary=up7)
                                                                                                                                                       │               └SafeArea(avoid left padding, avoid top padding, avoid right padding, dependencies: [MediaQuery])
                                                                                                                                                       │                └Padding(padding: EdgeInsets.zero, dependencies: [Directionality], renderObject: RenderPadding#07c78 relayoutBoundary=up8)
                                                                                                                                                       │                 └MediaQuery(MediaQueryData(size: Size(2000.0, 2000.0), devicePixelRatio: 1.0, textScaler: SystemTextScaler (no scaling), platformBrightness: Brightness.light, padding: EdgeInsets.zero, viewPadding: EdgeInsets.zero, viewInsets: EdgeInsets.zero, systemGestureInsets: EdgeInsets.zero, alwaysUse24HourFormat: false, accessibleNavigation: false, highContrast: false, onOffSwitchLabels: false, disableAnimations: false, invertColors: false, boldText: false, navigationMode: traditional, gestureSettings: DeviceGestureSettings(touchSlop: null), displayFeatures: [], supportsShowingSystemContextMenu: false, lineHeightScaleFactorOverride: null, letterSpacingOverride: null, wordSpacingOverride: null, paragraphSpacingOverride: null))
                                                                                                                                                       │                  └ClipRect(renderObject: RenderClipRect#2ecff relayoutBoundary=up9)
                                                                                                                                                       │                   └CustomSingleChildLayout(renderObject: RenderCustomSingleChildLayoutBox#e4e6d relayoutBoundary=up10)
                                                                                                                                                       │                    └Builder(dependencies: [IconTheme])
                                                                                                                                                       │                     └IconTheme(size: 24.0, color: Color(alpha: 1.0000, red: 0.1137, green: 0.1059, blue: 0.1255, colorSpace: ColorSpace.sRGB))
                                                                                                                                                       │                      └DefaultTextStyle(debugLabel: ((englishLike bodyMedium 2021).merge((blackMountainView bodyMedium).apply)).copyWith, inherit: false, color: Color(alpha: 1.0000, red: 0.1137, green: 0.1059, blue: 0.1255, colorSpace: ColorSpace.sRGB), family: Roboto, size: 14.0, weight: 400, letterSpacing: 0.3, baseline: alphabetic, height: 1.4x, leadingDistribution: even, decoration: Color(alpha: 1.0000, red: 0.1137, green: 0.1059, blue: 0.1255, colorSpace: ColorSpace.sRGB) TextDecoration.none, softWrap: wrapping at box width, overflow: clip)
                                                                                                                                                       │                       └NavigationToolbar(dependencies: [Directionality])
                                                                                                                                                       │                        └CustomMultiChildLayout(renderObject: RenderCustomMultiChildLayoutBox#a54e4 relayoutBoundary=up11)
                                                                                                                                                       │                         ├LayoutId-[<_ToolbarSlot.leading>](id: _ToolbarSlot.leading)
                                                                                                                                                       │                         │└ConstrainedBox(BoxConstraints(w=45.0, 0.0<=h<=Infinity), renderObject: RenderConstrainedBox#178e5 relayoutBoundary=up12)
                                                                                                                                                       │                         │ └IconButtonTheme
                                                                                                                                                       │                         │  └Center(alignment: Alignment.center, dependencies: [Directionality], renderObject: RenderPositionedBox#e86bc)
                                                                                                                                                       │                         │   └DrawerButton(disabled, disabled, disabled, dependencies: [_LocalizationsScope-[GlobalKey#7dbd9]])
                                                                                                                                                       │                         │    └IconButton-[<StandardComponentType.drawerButton>](tooltip: Open navigation menu, disabled, disabled, dependencies: [InheritedCupertinoTheme, _InheritedTheme, _LocalizationsScope-[GlobalKey#7dbd9]])
                                                                                                                                                       │                         │     └_SelectableIconButton(state: _SelectableIconButtonState#b6b5a)
                                                                                                                                                       │                         │      └_IconButtonM3(style: ButtonStyle#6d9c8(iconSize: WidgetStatePropertyAll(24.0)), dependencies: [IconButtonTheme, IconTheme, InheritedCupertinoTheme, _InheritedTheme, _LocalizationsScope-[GlobalKey#7dbd9]], state: _ButtonStyleState#2ce3d)
                                                                                                                                                       │                         │       └Semantics(container: true, properties: SemanticsProperties, renderObject: RenderSemanticsAnnotations#5d68c relayoutBoundary=up1)
                                                                                                                                                       │                         │        └_InputPadding(renderObject: _RenderInputPadding#e7058 relayoutBoundary=up2)
                                                                                                                                                       │                         │         └ConstrainedBox(BoxConstraints(40.0<=w<=Infinity, 40.0<=h<=Infinity), renderObject: RenderConstrainedBox#e3258 relayoutBoundary=up3)
                                                                                                                                                       │                         │          └Material(type: button, color: Color(alpha: 0.0000, red: 0.0000, green: 0.0000, blue: 0.0000, colorSpace: ColorSpace.sRGB), shadowColor: Color(alpha: 0.0000, red: 0.0000, green: 0.0000, blue: 0.0000, colorSpace: ColorSpace.sRGB), surfaceTintColor: Color(alpha: 0.0000, red: 0.0000, green: 0.0000, blue: 0.0000, colorSpace: ColorSpace.sRGB), shape: StadiumBorder(BorderSide(width: 0.0, style: none)), borderOnForeground: false, dependencies: [InheritedCupertinoTheme, _InheritedTheme, _LocalizationsScope-[GlobalKey#7dbd9]], state: _MaterialState#654ba)
                                                                                                                                                       │                         │           └_MaterialInterior(duration: 200ms, shape: StadiumBorder(BorderSide(width: 0.0, style: none)), elevation: 0.0, color: Color(alpha: 0.0000, red: 0.0000, green: 0.0000, blue: 0.0000, colorSpace: ColorSpace.sRGB), shadowColor: Color(alpha: 0.0000, red: 0.0000, green: 0.0000, blue: 0.0000, colorSpace: ColorSpace.sRGB), dependencies: [Directionality, InheritedCupertinoTheme, _InheritedTheme, _LocalizationsScope-[GlobalKey#7dbd9]], state: _MaterialInteriorState#ee845(ticker inactive))
                                                                                                                                                       │                         │            └PhysicalShape(clipper: ShapeBorderClipper, elevation: 0.0, color: Color(alpha: 0.0000, red: 0.0000, green: 0.0000, blue: 0.0000, colorSpace: ColorSpace.sRGB), shadowColor: Color(alpha: 0.0000, red: 0.0000, green: 0.0000, blue: 0.0000, colorSpace: ColorSpace.sRGB), renderObject: RenderPhysicalShape#09605 relayoutBoundary=up4)
                                                                                                                                                       │                         │             └_ShapeBorderPaint(dependencies: [Directionality])
                                                                                                                                                       │                         │              └CustomPaint(renderObject: RenderCustomPaint#a4b38 relayoutBoundary=up5)
                                                                                                                                                       │                         │               └NotificationListener<LayoutChangedNotification>
                                                                                                                                                       │                         │                └_InkFeatures-[GlobalKey#81c69 ink renderer](renderObject: _RenderInkFeatures#ca81b relayoutBoundary=up6)
                                                                                                                                                       │                         │                 └AnimatedDefaultTextStyle(duration: 200ms, debugLabel: (englishLike bodyMedium 2021).merge((blackMountainView bodyMedium).apply), inherit: false, color: Color(alpha: 1.0000, red: 0.1137, green: 0.1059, blue: 0.1255, colorSpace: ColorSpace.sRGB), family: Roboto, size: 14.0, weight: 400, letterSpacing: 0.3, baseline: alphabetic, height: 1.4x, leadingDistribution: even, decoration: Color(alpha: 1.0000, red: 0.1137, green: 0.1059, blue: 0.1255, colorSpace: ColorSpace.sRGB) TextDecoration.none, softWrap: wrapping at box width, overflow: clip, state: _AnimatedDefaultTextStyleState#2087a(ticker inactive))
                                                                                                                                                       │                         │                  └DefaultTextStyle(debugLabel: (englishLike bodyMedium 2021).merge((blackMountainView bodyMedium).apply), inherit: false, color: Color(alpha: 1.0000, red: 0.1137, green: 0.1059, blue: 0.1255, colorSpace: ColorSpace.sRGB), family: Roboto, size: 14.0, weight: 400, letterSpacing: 0.3, baseline: alphabetic, height: 1.4x, leadingDistribution: even, decoration: Color(alpha: 1.0000, red: 0.1137, green: 0.1059, blue: 0.1255, colorSpace: ColorSpace.sRGB) TextDecoration.none, softWrap: wrapping at box width, overflow: clip)
                                                                                                                                                       │                         │                   └Tooltip("Open navigation menu", dependencies: [InheritedCupertinoTheme, _InheritedTheme, _LocalizationsScope-[GlobalKey#7dbd9]], state: TooltipState#1f4b4)
                                                                                                                                                       │                         │                    └RawTooltip-[LabeledGlobalKey<RawTooltipState>#16686]("Open navigation menu", hover delay: 0:00:00.000000, touch delay: 0:00:01.500000, dismiss delay: 0:00:00.100000, triggerMode: TooltipTriggerMode.longPress, enableFeedback: true, positionDelegate: Closure: (TooltipPositionContext) => Offset from Function '_getDefaultPositionDelegate@637220820':., state: RawTooltipState#af7f0)
                                                                                                                                                       │                         │                     └OverlayPortal(state: _OverlayPortalState#bb3b2)
                                                                                                                                                       │                         │                      └_OverlayPortal(renderObject: _RenderLayoutSurrogateProxyBox#7987c relayoutBoundary=up7, child: Semantics)
                                                                                                                                                       │                         │                       └Semantics(container: false, properties: SemanticsProperties, traversalParentIdentifier: _OverlayPortalState#bb3b2, renderObject: RenderSemanticsAnnotations#0468d relayoutBoundary=up8)
                                                                                                                                                       │                         │                        └_ExclusiveMouseRegion(listeners: [enter, exit], cursor: defer, renderObject: _RenderExclusiveMouseRegion#949c6 relayoutBoundary=up9)
                                                                                                                                                       │                         │                         └Listener(listeners: [down], behavior: opaque, renderObject: RenderPointerListener#1d121 relayoutBoundary=up10)
                                                                                                                                                       │                         │                          └Semantics(container: false, properties: SemanticsProperties, tooltip: "Open navigation menu", dependencies: [Directionality], renderObject: RenderSemanticsAnnotations#e9325 relayoutBoundary=up11)
                                                                                                                                                       │                         │                           └MouseRegion(listeners: <none>, cursor: defer, renderObject: RenderMouseRegion#00323 relayoutBoundary=up12)
                                                                                                                                                       │                         │                            └AnimatedTheme(duration: 200ms, state: _AnimatedThemeState#ba3da(ticker inactive, ThemeDataTween(ThemeData#b38f9 → ThemeData#b38f9)))
                                                                                                                                                       │                         │                             └Theme(ThemeData#b38f9, dependencies: [DefaultSelectionStyle, InheritedCupertinoTheme])
                                                                                                                                                       │                         │                              └_InheritedTheme
                                                                                                                                                       │                         │                               └CupertinoTheme(brightness: light, primaryColor: Color(alpha: 1.0000, red: 0.4039, green: 0.3137, blue: 0.6431, colorSpace: ColorSpace.sRGB), scaffoldBackgroundColor: Color(alpha: 1.0000, red: 0.9961, green: 0.9686, blue: 1.0000, colorSpace: ColorSpace.sRGB), actionTextStyle: TextStyle(inherit: false, color: Color(alpha: 1.0000, red: 0.4039, green: 0.3137, blue: 0.6431, colorSpace: ColorSpace.sRGB), family: CupertinoSystemText, size: 17.0, letterSpacing: -0.4, decoration: TextDecoration.none), actionSmallTextStyle: TextStyle(inherit: false, color: Color(alpha: 1.0000, red: 0.4039, green: 0.3137, blue: 0.6431, colorSpace: ColorSpace.sRGB), family: CupertinoSystemText, size: 15.0, letterSpacing: -0.2, decoration: TextDecoration.none), navActionTextStyle: TextStyle(inherit: false, color: Color(alpha: 1.0000, red: 0.4039, green: 0.3137, blue: 0.6431, colorSpace: ColorSpace.sRGB), family: CupertinoSystemText, size: 17.0, letterSpacing: -0.4, decoration: TextDecoration.none))
                                                                                                                                                       │                         │                                └InheritedCupertinoTheme
                                                                                                                                                       │                         │                                 └IconTheme(color: Color(alpha: 1.0000, red: 0.4039, green: 0.3137, blue: 0.6431, colorSpace: ColorSpace.sRGB))
                                                                                                                                                       │                         │                                  └IconTheme(size: 24.0, fill: 0.0, weight: 400.0, grade: 0.0, opticalSize: 48.0, color: Color(alpha: 1.0000, red: 0.1137, green: 0.1059, blue: 0.1255, colorSpace: ColorSpace.sRGB), opacity: 1.0, applyTextScaling: false)
                                                                                                                                                       │                         │                                   └DefaultSelectionStyle
                                                                                                                                                       │                         │                                    └InkWell
                                                                                                                                                       │                         │                                     └_InkResponseStateWidget(gestures: [tap], mouseCursor: ButtonStyleButton_MouseCursor, clipped to BoxShape.rectangle, dependencies: [InheritedCupertinoTheme, MediaQuery, _InheritedTheme, _LocalizationsScope-[GlobalKey#7dbd9]], state: _InkResponseState#588b0)
                                                                                                                                                       │                         │                                      └_ParentInkResponseProvider
                                                                                                                                                       │                         │                                       └Actions(dispatcher: null, actions: {ActivateIntent: CallbackAction<ActivateIntent>#8c112, ButtonActivateIntent: CallbackAction<ButtonActivateIntent>#6f65b}, state: _ActionsState#87fd6)
                                                                                                                                                       │                         │                                        └_ActionsScope
                                                                                                                                                       │                         │                                         └Focus(dependencies: [_FocusInheritedScope], state: _FocusState#e990b)
                                                                                                                                                       │                         │                                          └_FocusInheritedScope
                                                                                                                                                       │                         │                                           └Semantics(container: false, properties: SemanticsProperties, renderObject: RenderSemanticsAnnotations#8d9d3 relayoutBoundary=up13)
                                                                                                                                                       │                         │                                            └MouseRegion(listeners: [enter, exit], cursor: SystemMouseCursor(basic), renderObject: RenderMouseRegion#3c201 relayoutBoundary=up14)
                                                                                                                                                       │                         │                                             └Builder(dependencies: [DefaultSelectionStyle])
                                                                                                                                                       │                         │                                              └DefaultSelectionStyle
                                                                                                                                                       │                         │                                               └Semantics(container: false, properties: SemanticsProperties, renderObject: RenderSemanticsAnnotations#92f72 relayoutBoundary=up15)
                                                                                                                                                       │                         │                                                └GestureDetector(startBehavior: start, dependencies: [MediaQuery, ScrollConfiguration])
                                                                                                                                                       │                         │                                                 └RawGestureDetector(state: RawGestureDetectorState#3b024(gestures: [tap], excludeFromSemantics: true, behavior: opaque))
                                                                                                                                                       │                         │                                                  └Listener(listeners: [down, panZoomStart], behavior: opaque, renderObject: RenderPointerListener#9814a relayoutBoundary=up16)
                                                                                                                                                       │                         │                                                   └Padding(padding: EdgeInsets.all(8.0), dependencies: [Directionality], renderObject: RenderPadding#ca1b6 relayoutBoundary=up17)
                                                                                                                                                       │                         │                                                    └Align(alignment: Alignment.center, widthFactor: 1.0, heightFactor: 1.0, dependencies: [Directionality], renderObject: RenderPositionedBox#1b58d relayoutBoundary=up18)
                                                                                                                                                       │                         │                                                     └Semantics(container: false, properties: SemanticsProperties, renderObject: RenderSemanticsAnnotations#f76a9 relayoutBoundary=up19)
                                                                                                                                                       │                         │                                                      └DrawerButtonIcon
                                                                                                                                                       │                         │                                                       └_ActionIcon(dependencies: [InheritedCupertinoTheme, _InheritedTheme, _LocalizationsScope-[GlobalKey#7dbd9]])
                                                                                                                                                       │                         │                                                        └Icon(IconData(U+0E3DC), semanticLabel: "Open navigation menu", dependencies: [Directionality, IconTheme])
                                                                                                                                                       │                         │                                                         └Semantics(container: false, properties: SemanticsProperties, label: "Open navigation menu", dependencies: [Directionality], renderObject: RenderSemanticsAnnotations#07441 relayoutBoundary=up20)
                                                                                                                                                       │                         │                                                          └ExcludeSemantics(excluding: true, renderObject: RenderExcludeSemantics#9dccb relayoutBoundary=up21)
                                                                                                                                                       │                         │                                                           └SizedBox(width: 24.0, height: 24.0, renderObject: RenderConstrainedBox#6d5ca relayoutBoundary=up22)
                                                                                                                                                       │                         │                                                            └Center(alignment: Alignment.center, dependencies: [Directionality], renderObject: RenderPositionedBox#4df4c)
                                                                                                                                                       │                         │                                                             └RichText(textDirection: ltr, softWrap: wrapping at box width, overflow: visible, maxLines: unlimited, text: "", dependencies: [_LocalizationsScope-[GlobalKey#7dbd9]], renderObject: RenderParagraph#603c6 relayoutBoundary=up1)
                                                                                                                                                       │                         └LayoutId-[<_ToolbarSlot.middle>](id: _ToolbarSlot.middle)
                                                                                                                                                       │                          └Builder(dependencies: [MediaQuery])
                                                                                                                                                       │                           └MediaQuery(MediaQueryData(size: Size(2000.0, 2000.0), devicePixelRatio: 1.0, textScaler: SystemTextScaler (no scaling) clamped [0.0, 1.34], platformBrightness: Brightness.light, padding: EdgeInsets.zero, viewPadding: EdgeInsets.zero, viewInsets: EdgeInsets.zero, systemGestureInsets: EdgeInsets.zero, alwaysUse24HourFormat: false, accessibleNavigation: false, highContrast: false, onOffSwitchLabels: false, disableAnimations: false, invertColors: false, boldText: false, navigationMode: traditional, gestureSettings: DeviceGestureSettings(touchSlop: null), displayFeatures: [], supportsShowingSystemContextMenu: false, lineHeightScaleFactorOverride: null, letterSpacingOverride: null, wordSpacingOverride: null, paragraphSpacingOverride: null))
                                                                                                                                                       │                            └DefaultTextStyle(debugLabel: ((englishLike titleLarge 2021).merge((blackMountainView titleLarge).apply)).copyWith, inherit: false, color: Color(alpha: 1.0000, red: 0.1137, green: 0.1059, blue: 0.1255, colorSpace: ColorSpace.sRGB), family: Roboto, size: 22.0, weight: 400, letterSpacing: 0.0, baseline: alphabetic, height: 1.3x, leadingDistribution: even, decoration: Color(alpha: 1.0000, red: 0.1137, green: 0.1059, blue: 0.1255, colorSpace: ColorSpace.sRGB) TextDecoration.none, softWrap: no wrapping except at line break characters, overflow: ellipsis)
                                                                                                                                                       │                             └Semantics(container: false, properties: SemanticsProperties, renderObject: RenderSemanticsAnnotations#f0098 relayoutBoundary=up12)
                                                                                                                                                       │                              └_AppBarTitleBox(dependencies: [Directionality], renderObject: _RenderAppBarTitleBox#a12aa relayoutBoundary=up13)
                                                                                                                                                       │                               └Text("Unified Data Grid Demo", dependencies: [DefaultSelectionStyle, DefaultTextStyle, MediaQuery])
                                                                                                                                                       │                                └RichText(softWrap: no wrapping except at line break characters, overflow: ellipsis, textScaler: SystemTextScaler (no scaling) clamped [0.0, 1.34], maxLines: unlimited, text: "Unified Data Grid Demo", dependencies: [Directionality, _LocalizationsScope-[GlobalKey#7dbd9]], renderObject: RenderParagraph#638da relayoutBoundary=up14)
                                                                                                                                                       ├LayoutId-[<_ScaffoldSlot.floatingActionButton>](id: _ScaffoldSlot.floatingActionButton)
                                                                                                                                                       │└MediaQuery(MediaQueryData(size: Size(2000.0, 2000.0), devicePixelRatio: 1.0, textScaler: SystemTextScaler (no scaling), platformBrightness: Brightness.light, padding: EdgeInsets.zero, viewPadding: EdgeInsets.zero, viewInsets: EdgeInsets.zero, systemGestureInsets: EdgeInsets.zero, alwaysUse24HourFormat: false, accessibleNavigation: false, highContrast: false, onOffSwitchLabels: false, disableAnimations: false, invertColors: false, boldText: false, navigationMode: traditional, gestureSettings: DeviceGestureSettings(touchSlop: null), displayFeatures: [], supportsShowingSystemContextMenu: false, lineHeightScaleFactorOverride: null, letterSpacingOverride: null, wordSpacingOverride: null, paragraphSpacingOverride: null))
                                                                                                                                                       │ └_FloatingActionButtonTransition(state: _FloatingActionButtonTransitionState#3314f(tickers: tracking 1 ticker))
                                                                                                                                                       │  └Stack(alignment: Alignment.centerRight, fit: loose, dependencies: [Directionality], renderObject: RenderStack#57cf9 relayoutBoundary=up1)
                                                                                                                                                       │   └ScaleTransition(listenable: AnimationMin<double>(_AnimationSwap<double>(AnimationController#3bd9b(⏭ 1.000; paused)➩CurveTween(curve: FlippedCurve(Interval(0.5⋯1.0)➩Cubic(0.25, 0.10, 0.25, 1.00)))➩1.0➪ReverseAnimation, AnimationController#3bd9b(⏭ 1.000; paused)➩CurveTween(curve: Interval(0.5⋯1.0)➩Cubic(0.25, 0.10, 0.25, 1.00))➩1.0), AnimationController#0a183(⏮ 0.000; paused)➩Cubic(0.42, 0.00, 1.00, 1.00)), state: _AnimatedState#cd5b1)
                                                                                                                                                       │    └Transform(dependencies: [Directionality], renderObject: RenderTransform#dc65b relayoutBoundary=up2)
                                                                                                                                                       │     └RotationTransition(listenable: AnimationController#0a183(⏮ 0.000; paused)➩CurveTween(curve: Cubic(0.42, 0.00, 1.00, 1.00))➩Tween<double>(0.875 → 1.0)➩0.875➩TrainHoppingAnimation(next: _AnimationSwap<double>(AnimationController#3bd9b(⏭ 1.000; paused)➩Tween<double>(0.75 → 1.0)➩1.0, AnimationController#3bd9b(⏭ 1.000; paused)➩CurveTween(curve: Threshold)➩1.0➪ReverseAnimation)), state: _AnimatedState#a4269)
                                                                                                                                                       │      └Transform(dependencies: [Directionality], renderObject: RenderTransform#74625 relayoutBoundary=up3 NEEDS-PAINT)
                                                                                                                                                       └LayoutId-[<_ScaffoldSlot.drawer>](id: _ScaffoldSlot.drawer)
                                                                                                                                                        └MediaQuery(MediaQueryData(size: Size(2000.0, 2000.0), devicePixelRatio: 1.0, textScaler: SystemTextScaler (no scaling), platformBrightness: Brightness.light, padding: EdgeInsets.zero, viewPadding: EdgeInsets.zero, viewInsets: EdgeInsets.zero, systemGestureInsets: EdgeInsets.zero, alwaysUse24HourFormat: false, accessibleNavigation: false, highContrast: false, onOffSwitchLabels: false, disableAnimations: false, invertColors: false, boldText: false, navigationMode: traditional, gestureSettings: DeviceGestureSettings(touchSlop: null), displayFeatures: [], supportsShowingSystemContextMenu: false, lineHeightScaleFactorOverride: null, letterSpacingOverride: null, wordSpacingOverride: null, paragraphSpacingOverride: null))
                                                                                                                                                         └DrawerController-[LabeledGlobalKey<DrawerControllerState>#45b50](dependencies: [Directionality, InheritedCupertinoTheme, MediaQuery, _InheritedTheme, _LocalizationsScope-[GlobalKey#7dbd9]], state: DrawerControllerState#2d8f4(ticker inactive))
                                                                                                                                                          └Builder(dependencies: [InheritedCupertinoTheme, _InheritedTheme, _LocalizationsScope-[GlobalKey#7dbd9]])
                                                                                                                                                           └ListTileTheme
                                                                                                                                                            └Align(alignment: AlignmentDirectional.centerStart, dependencies: [Directionality], renderObject: RenderPositionedBox#23993)
                                                                                                                                                             └GestureDetector-[GlobalKey#a3d47](startBehavior: start, dependencies: [InheritedCupertinoTheme, MediaQuery, ScrollConfiguration, _InheritedTheme, _LocalizationsScope-[GlobalKey#7dbd9]])
                                                                                                                                                              └RawGestureDetector(state: RawGestureDetectorState#5c46e(gestures: [horizontal drag], excludeFromSemantics: true, behavior: translucent))
                                                                                                                                                               └Listener(listeners: [down, panZoomStart], behavior: translucent, renderObject: RenderPointerListener#e4d6c relayoutBoundary=up1)
                                                                                                                                                                └LimitedBox(maxHeight: 0.0, renderObject: RenderLimitedBox#2f15e relayoutBoundary=up2)
                                                                                                                                                                 └SizedBox(width: 20.0, height: Infinity, renderObject: RenderConstrainedBox#7cbe2 relayoutBoundary=up3)


00:00 +1: All tests passed!
